Compiling the C compiler identification source file "CMakeCCompilerId.c" failed.
Compiler: /cdt/build/bin/cdt-cc 
Build flags: -O3
Id flags:  

The output was:
255
wasm-ld: error: fatal failure: contract with no actions and trying to create dispatcher
Exit due to wasm-ld failure


Compiling the CXX compiler identification source file "CMakeCXXCompilerId.cpp" failed.
Compiler: /cdt/build/bin/cdt-cpp 
Build flags: -O3
Id flags:  

The output was:
255
wasm-ld: error: fatal failure: contract with no actions and trying to create dispatcher
Exit due to wasm-ld failure


Detecting C compiler ABI info failed to compile with the following output:
Change Dir: /project/build/contracts/system/CMakeFiles/CMakeTmp

Run Build Command(s):/usr/bin/gmake -f Makefile cmTC_ef5ca/fast && gmake[3]: Entering directory '/project/build/contracts/system/CMakeFiles/CMakeTmp'
/usr/bin/gmake  -f CMakeFiles/cmTC_ef5ca.dir/build.make CMakeFiles/cmTC_ef5ca.dir/build
gmake[4]: Entering directory '/project/build/contracts/system/CMakeFiles/CMakeTmp'
Building C object CMakeFiles/cmTC_ef5ca.dir/CMakeCCompilerABI.c.obj
/cdt/build/bin/cdt-cc   -O3    -v -MD -MT CMakeFiles/cmTC_ef5ca.dir/CMakeCCompilerABI.c.obj -MF CMakeFiles/cmTC_ef5ca.dir/CMakeCCompilerABI.c.obj.d -o CMakeFiles/cmTC_ef5ca.dir/CMakeCCompilerABI.c.obj -c /usr/share/cmake-3.22/Modules/CMakeCCompilerABI.c
clang version 9.0.1 (https://github.com/AntelopeIO/cdt-clang 1baf03bbaa65a20b3de00fede1bc039666006c8c) (https://github.com/AntelopeIO/cdt-llvm 6650e8c6b495cbb886f5ff73c39d314293172010)
Target: x86_64-unknown-linux-gnu
Thread model: posix
InstalledDir: /project/build/contracts/system/CMakeFiles/CMakeTmp
Found candidate GCC installation: /usr/lib/gcc/x86_64-linux-gnu/11
Selected GCC installation: /usr/lib/gcc/x86_64-linux-gnu/11
Candidate multilib: .;@m64
Selected multilib: .;@m64
Linking C executable cmTC_ef5ca.wasm
/usr/bin/cmake -E cmake_link_script CMakeFiles/cmTC_ef5ca.dir/link.txt --verbose=1
/cdt/build/bin/cdt-ld  -v CMakeFiles/cmTC_ef5ca.dir/CMakeCCompilerABI.c.obj -o cmTC_ef5ca.wasm 
cdt-ld: Unknown command line argument '-v'.  Try: '/cdt/build/bin/cdt-ld --help'
cdt-ld: Did you mean '  -L'?
gmake[4]: *** [CMakeFiles/cmTC_ef5ca.dir/build.make:100: cmTC_ef5ca.wasm] Error 1
gmake[4]: Leaving directory '/project/build/contracts/system/CMakeFiles/CMakeTmp'
gmake[3]: *** [Makefile:127: cmTC_ef5ca/fast] Error 2
gmake[3]: Leaving directory '/project/build/contracts/system/CMakeFiles/CMakeTmp'




Detecting CXX compiler ABI info failed to compile with the following output:
Change Dir: /project/build/contracts/system/CMakeFiles/CMakeTmp

Run Build Command(s):/usr/bin/gmake -f Makefile cmTC_e95c0/fast && gmake[3]: Entering directory '/project/build/contracts/system/CMakeFiles/CMakeTmp'
/usr/bin/gmake  -f CMakeFiles/cmTC_e95c0.dir/build.make CMakeFiles/cmTC_e95c0.dir/build
gmake[4]: Entering directory '/project/build/contracts/system/CMakeFiles/CMakeTmp'
Building CXX object CMakeFiles/cmTC_e95c0.dir/CMakeCXXCompilerABI.cpp.obj
/cdt/build/bin/cdt-cpp   -O3    -v -MD -MT CMakeFiles/cmTC_e95c0.dir/CMakeCXXCompilerABI.cpp.obj -MF CMakeFiles/cmTC_e95c0.dir/CMakeCXXCompilerABI.cpp.obj.d -o CMakeFiles/cmTC_e95c0.dir/CMakeCXXCompilerABI.cpp.obj -c /usr/share/cmake-3.22/Modules/CMakeCXXCompilerABI.cpp
clang version 9.0.1 (https://github.com/AntelopeIO/cdt-clang 1baf03bbaa65a20b3de00fede1bc039666006c8c) (https://github.com/AntelopeIO/cdt-llvm 6650e8c6b495cbb886f5ff73c39d314293172010)
Target: x86_64-unknown-linux-gnu
Thread model: posix
InstalledDir: /project/build/contracts/system/CMakeFiles/CMakeTmp
Found candidate GCC installation: /usr/lib/gcc/x86_64-linux-gnu/11
Selected GCC installation: /usr/lib/gcc/x86_64-linux-gnu/11
Candidate multilib: .;@m64
Selected multilib: .;@m64
Linking CXX executable cmTC_e95c0.wasm
/usr/bin/cmake -E cmake_link_script CMakeFiles/cmTC_e95c0.dir/link.txt --verbose=1
/cdt/build/bin/cdt-ld  -v CMakeFiles/cmTC_e95c0.dir/CMakeCXXCompilerABI.cpp.obj -o cmTC_e95c0.wasm 
cdt-ld: Unknown command line argument '-v'.  Try: '/cdt/build/bin/cdt-ld --help'
cdt-ld: Did you mean '  -L'?
gmake[4]: *** [CMakeFiles/cmTC_e95c0.dir/build.make:100: cmTC_e95c0.wasm] Error 1
gmake[4]: Leaving directory '/project/build/contracts/system/CMakeFiles/CMakeTmp'
gmake[3]: *** [Makefile:127: cmTC_e95c0/fast] Error 2
gmake[3]: Leaving directory '/project/build/contracts/system/CMakeFiles/CMakeTmp'




